[2026-07-27 09:05:55] ACTION=edit TAB="Sprint 1" TASK="Màn hình Quét QR Code & Nhập OTP 2FA UI" BY="PM Kiên" CHANGES="Assignee: KiênĐT -> TùngDV"
[2026-07-27 09:07:45] ACTION=edit TAB="Sprint 1" TASK="Màn hình Quét QR Code & Nhập OTP 2FA UI" BY="PM Kiên" CHANGES="Assignee: TùngDV -> KiênĐT"
[2026-07-27 09:14:25] ACTION=edit TAB="Sprint 1" TASK="Màn hình Đổi mật khẩu UI" BY="PM Kiên" CHANGES="Estimate(h): 8 -> 10 (dev báo cần thêm 2h)"
[2026-07-27 09:14:25] ACTION=edit TAB="Sprint 1" TASK="Màn hình Cài đặt Bảo mật 2FA UI" BY="PM Kiên" CHANGES="Estimate(h): 8 -> 7 (bù giờ cho task Đổi mật khẩu UI)"
[2026-07-27 09:14:25] ACTION=edit TAB="Sprint 1" TASK="Màn hình Quét QR Code & Nhập OTP 2FA UI" BY="PM Kiên" CHANGES="Estimate(h): 8 -> 7 (bù giờ cho task Đổi mật khẩu UI)"
[2026-07-27 09:24:35] ACTION=edit TAB="Sprint 1" TASK="Màn hình Nhập Email/Số điện thoại quên mật khẩu UI" BY="PM Kiên" CHANGES="Estimate(h): 8 -> 16; Plan End: 03-8-2026 -> 04-8-2026"
[2026-07-27 09:24:35] ACTION=edit TAB="Sprint 1" TASK="Màn hình Nhập mã OTP & Đặt lại mật khẩu UI" BY="PM Kiên" CHANGES="Plan Start/End: 04-8-2026 -> 05-8-2026 (dời lịch do task trước tăng gấp đôi giờ)"
[2026-07-27 09:24:35] ACTION=edit TAB="Sprint 1" TASK="Màn hình Đổi mật khẩu UI" BY="PM Kiên" CHANGES="Plan Start/End: 05-8-2026 -> 06-8-2026 (dời lịch)"
[2026-07-27 09:24:35] ACTION=edit TAB="Sprint 1" TASK="Màn hình Cài đặt Bảo mật 2FA UI" BY="PM Kiên" CHANGES="Plan Start/End: 06-8-2026 -> 07-8-2026 (dời lịch)"
[2026-07-27 09:24:35] ACTION=edit TAB="Sprint 1" TASK="Màn hình Quét QR Code & Nhập OTP 2FA UI" BY="PM Kiên" CHANGES="Plan Start/End: 07-8-2026 -> 10-8-2026 (dời sang tuần sau)"
[2026-07-27 09:27:26] ACTION=edit TAB="Sprint 1" TASK="Màn hình Nhập Email/Số điện thoại quên mật khẩu UI" BY="PM Kiên" CHANGES="REVERT: Estimate(h) 16 -> 8; Plan End 04-8-2026 -> 03-8-2026"
[2026-07-27 09:27:26] ACTION=edit TAB="Sprint 1" TASK="Màn hình Nhập mã OTP & Đặt lại mật khẩu UI" BY="PM Kiên" CHANGES="REVERT: Plan Start/End 05-8-2026 -> 04-8-2026"
[2026-07-27 09:27:26] ACTION=edit TAB="Sprint 1" TASK="Màn hình Đổi mật khẩu UI" BY="PM Kiên" CHANGES="REVERT: Plan Start/End 06-8-2026 -> 05-8-2026"
[2026-07-27 09:27:26] ACTION=edit TAB="Sprint 1" TASK="Màn hình Cài đặt Bảo mật 2FA UI" BY="PM Kiên" CHANGES="REVERT: Plan Start/End 07-8-2026 -> 06-8-2026"
[2026-07-27 09:27:26] ACTION=edit TAB="Sprint 1" TASK="Màn hình Quét QR Code & Nhập OTP 2FA UI" BY="PM Kiên" CHANGES="REVERT: Plan Start/End 10-8-2026 -> 07-8-2026"
[2026-07-27 09:33:30] ACTION=edit TAB="Sprint 1" TASK="Màn hình Cài đặt Bảo mật 2FA UI" BY="PM Kiên" CHANGES="Estimate(h): 8 -> 4"
[2026-07-27 09:33:30] ACTION=edit TAB="Sprint 1" TASK="Màn hình Quét QR Code & Nhập OTP 2FA UI" BY="PM Kiên" CHANGES="Estimate(h): 8 -> 4; Plan Start/End: 07-8-2026 -> 06-8-2026 (dồn chung ngày để giải phóng 07-8)"
[2026-07-27 09:33:30] ACTION=add TAB="Sprint 1" TASK="Fixbug" BY="PM Kiên" CHANGES="Category Milestone=Fixbug, Assignee=KiênĐT, Estimate=8h, Plan 07-8-2026 (dòng 36; lần đầu ghi nhầm cột S-AG do bug values:append, đã clear và ghi lại đúng A-R)"
[2026-07-27 09:42:24] ACTION=delete TAB="Sprint 1" TASK="Fixbug" BY="PM Kiên" CHANGES="removed row 36 (Category Milestone=Fixbug, Assignee=KiênĐT, Estimate=8h, Plan 07-8-2026)"
[2026-07-27 09:46:09] ACTION=edit TAB="Sprint 1" TASK="Màn hình Cài đặt Bảo mật 2FA UI" BY="PM Kiên" CHANGES="Estimate(h): 4 -> 8 (khôi phục baseline sau khi xóa Fixbug)"
[2026-07-27 09:46:09] ACTION=edit TAB="Sprint 1" TASK="Màn hình Quét QR Code & Nhập OTP 2FA UI" BY="PM Kiên" CHANGES="Estimate(h): 4 -> 8; Plan Start/End: 06-8-2026 -> 07-8-2026 (khôi phục baseline)"
